[36mvite v7.3.1 [32mbuilding client environment for production...[36m[39m
transforming...
[32mΓ£ô[39m 4 modules transformed.
node.exe : 
[31mΓ£ù[39m Build 
failed in 473ms
At line:1 char:1
+ & "C:\Program File
s\nodejs/node.exe" 
"C:\Program Files\no
dejs/node_mo ...
+ ~~~~~~~~~~~~~~~~~~
~~~~~~~~~~~~~~~~~~~~
~~~~~~~~~~~~~~~~~~~~
~~~~~~~~~~~
    + CategoryInfo  
            : NotS  
  pecified: ([31   
 mΓ£ù[39m Build    
 failed in 473m    
s:String) [], R    
emoteException
    + FullyQualifie 
   dErrorId : Nati  
  veCommandError
 
[31merror during 
build:
[31m[vite:css] 
[postcss] It looks 
like you're trying 
to use 
`tailwindcss` 
directly as a 
PostCSS plugin. The 
PostCSS plugin has 
moved to a separate 
package, so to 
continue using 
Tailwind CSS with 
PostCSS you'll need 
to install `@tailwin
dcss/postcss` and 
update your PostCSS 
configuration.[31m
file: [36mC:/Users/
ASUS/Documents/Busin
ess Intelligence Age
nts/Development/Corp
orate AI/Development
/Demo/procure-ai-ui/
src/index.css:undefi
ned:NaN[31m
    at lt (C:\Users\
ASUS\Documents\Busin
ess Intelligence Age
nts\Development\Corp
orate AI\Development
\Demo\procure-ai-ui\
node_modules\tailwin
dcss\dist\lib.js:38:
1643)
    at LazyResult.ru
nOnRoot (C:\Users\AS
US\Documents\Busines
s Intelligence Agent
s\Development\Corpor
ate AI\Development\D
emo\procure-ai-ui\no
de_modules\postcss\l
ib\lazy-result.js:36
1:16)
    at 
LazyResult.runAsync 
(C:\Users\ASUS\Docum
ents\Business 
Intelligence Agents\
Development\Corporat
e AI\Development\Dem
o\procure-ai-ui\node
_modules\postcss\lib
\lazy-result.js:290:
26)
    at async 
runPostCSS (file:///
C:/Users/ASUS/Docume
nts/Business%20Intel
ligence%20Agents/Dev
elopment/Corporate%2
0AI/Development/Demo
/procure-ai-ui/node_
modules/vite/dist/no
de/chunks/config.js:
30145:19)
    at async 
compilePostCSS (file
:///C:/Users/ASUS/Do
cuments/Business%20I
ntelligence%20Agents
/Development/Corpora
te%20AI/Development/
Demo/procure-ai-ui/n
ode_modules/vite/dis
t/node/chunks/config
.js:30129:6)
    at async 
compileCSS (file:///
C:/Users/ASUS/Docume
nts/Business%20Intel
ligence%20Agents/Dev
elopment/Corporate%2
0AI/Development/Demo
/procure-ai-ui/node_
modules/vite/dist/no
de/chunks/config.js:
30059:26)
    at async 
Object.handler (file
:///C:/Users/ASUS/Do
cuments/Business%20I
ntelligence%20Agents
/Development/Corpora
te%20AI/Development/
Demo/procure-ai-ui/n
ode_modules/vite/dis
t/node/chunks/config
.js:29592:54)
    at async 
transform (file:///C
:/Users/ASUS/Documen
ts/Business%20Intell
igence%20Agents/Deve
lopment/Corporate%20
AI/Development/Demo/
procure-ai-ui/node_m
odules/rollup/dist/e
s/shared/node-entry.
js:21283:16)
    at async ModuleL
oader.addModuleSourc
e (file:///C:/Users/
ASUS/Documents/Busin
ess%20Intelligence%2
0Agents/Development/
Corporate%20AI/Devel
opment/Demo/procure-
ai-ui/node_modules/r
ollup/dist/es/shared
/node-entry.js:21497
:36)[39m
